([])
Val1='string'
Val2='string1string2'
Val3='shell_quoted_value'\''s "speciality"'
Val5='string with space'
Val6='string with escaped spaces'
Val7='funny quotes'
Val8='string1string2'
Val9='squote '\''inside'\'' dquote'
Val10='dquote "inside" squote'
Val11='Damned Joe'\''s garage'
Val12='Tabbed\tstring'
Val4=''\''written'\'' "value"'
